The ``2-matrix_divided`` module
======================

Using ``matrix_divided``
-------------------

>>> matrix_divided = matrix_divided = __import__('2-matrix_divided').matrix_divided

>>> matrix = [[1, 2, 3], [4, 5, 6]]

>>> matrix_divided(matrix, 2)
[0.5, 1.0, 1.5, 2.0, 2.5, 3.0]

>>> matrix_divided(matrix, float('inf'))
[0.0, 0.0, 0.0, 0.0, 0.0, 0.0]


>>> matrix_divided(len(matrix[0]) != len(matrix[1]))
Traceback (most recent call last):
...
TypeError: matrix_divided() missing 1 required positional argument: 'div'
