The ``2-matrix_divided`` module
======================

Using ``matrix_divided``
-------------------

>>> matrix_divided = matrix_divided = __import__('2-matrix_divided').matrix_divided

>>> matrix = [[1, 2, 3], [4, 5, 6]]

>>> matrix_divided(matrix, 2)
[0.5, 1.0, 1.5, 2.0, 2.5, 3.0]


>>> matrix_divided(matrix, 0)
Traceback (most recent call last):
...
ZeroDivisionError: division by zero

>>> matrix_divided(matrix, "string")
Traceback (most recent call last):
...
TypeError: div must be a number

>>> matrix = [[1, 2, 3], [4, 5]]

>>> matrix_divided(matrix, 2)
Traceback (most recent call last):
...
TypeError: Each row of the matrix must have the same size

>>> matrix = [[3, 9], [12, 3]]

>>> matrix_divided(matrix, "2")
Traceback (most recent call last):
...
TypeError: div must be a number


>>> matrix = [[1, 2, 3], [4, 5]]

>>> matrix_divided(matrix, 3)
Traceback (most recent call last):
...
TypeError: Each row of the matrix must have the same size

>>> matrix_divided([[3, 9], [12, 15]] / -3)
Traceback (most recent call last):
...
TypeError: unsupported operand type(s) for /: 'list' and 'int'
